DPI Packets (TCP):	4	(1.00 pkts/flow)
Confidence DPI              : 4 (flows)
Num dissector calls: 4 (1.00 diss/flow)
LRU cache ookla:      0/0/0 (insert/search/found)
LRU cache bittorrent: 0/0/0 (insert/search/found)
LRU cache stun:       0/0/0 (insert/search/found)
LRU cache tls_cert:   0/0/0 (insert/search/found)
LRU cache mining:     0/0/0 (insert/search/found)
LRU cache msteams:    0/0/0 (insert/search/found)
LRU cache fpc_dns:    0/0/0 (insert/search/found)
Automa host:          0/0 (search/found)
Automa domain:        0/0 (search/found)
Automa tls cert:      0/0 (search/found)
Automa risk mask:     0/0 (search/found)
Automa common alpns:  0/0 (search/found)
Patricia risk mask:   8/0 (search/found)
Patricia risk mask IPv6: 0/0 (search/found)
Patricia risk:        0/0 (search/found)
Patricia risk IPv6:   0/0 (search/found)
Patricia protocols:   8/0 (search/found)
Patricia protocols IPv6: 0/0 (search/found)

DICOM	6	34720	4

Acceptable                       6 34720         4            

	1	TCP 127.0.0.1:49541 -> 127.0.0.1:104 [proto: 438/DICOM][IP: 0/Unknown][ClearText][Confidence: DPI][FPC: 438/DICOM, Confidence: DPI][DPI packets: 1][cat: IoT-Scada/31][2 pkts/16621 bytes -> 0 pkts/0 bytes][Goodput ratio: 99/0][< 1 sec][Risk: ** Unidirectional Traffic **][Risk Score: 10][Risk Info: No server to client traffic][PLAIN TEXT (testserver      testclient     )][Plen Bins: 0,0,0,0,0,50,0,0,0,0,0,0,0,0,0,0,0,0,0,0,0,0,0,0,0,0,0,0,0,0,0,0,0,0,0,0,0,0,0,0,0,0,0,0,0,0,0,50]
	2	TCP 127.0.0.1:52180 -> 127.0.0.1:104 [proto: 438/DICOM][IP: 0/Unknown][ClearText][Confidence: DPI][FPC: 438/DICOM, Confidence: DPI][DPI packets: 1][cat: IoT-Scada/31][2 pkts/16621 bytes -> 0 pkts/0 bytes][Goodput ratio: 99/0][< 1 sec][Risk: ** Unidirectional Traffic **][Risk Score: 10][Risk Info: No server to client traffic][PLAIN TEXT (testserver      testclient     )][Plen Bins: 0,0,0,0,0,50,0,0,0,0,0,0,0,0,0,0,0,0,0,0,0,0,0,0,0,0,0,0,0,0,0,0,0,0,0,0,0,0,0,0,0,0,0,0,0,0,0,50]
	3	TCP 127.0.0.1:49531 -> 127.0.0.1:104 [proto: 438/DICOM][IP: 0/Unknown][ClearText][Confidence: DPI][FPC: 438/DICOM, Confidence: DPI][DPI packets: 1][cat: IoT-Scada/31][1 pkts/739 bytes -> 0 pkts/0 bytes][Goodput ratio: 92/0][< 1 sec][Risk: ** Unidirectional Traffic **][Risk Score: 10][Risk Info: No server to client traffic][PLAIN TEXT (testserver      testclient     )][Plen Bins: 0,0,0,0,0,0,0,0,0,0,0,0,0,0,0,0,0,0,0,0,0,100,0,0,0,0,0,0,0,0,0,0,0,0,0,0,0,0,0,0,0,0,0,0,0,0,0,0]
	4	TCP 127.0.0.1:52228 -> 127.0.0.1:104 [proto: 438/DICOM][IP: 0/Unknown][ClearText][Confidence: DPI][FPC: 438/DICOM, Confidence: DPI][DPI packets: 1][cat: IoT-Scada/31][1 pkts/739 bytes -> 0 pkts/0 bytes][Goodput ratio: 92/0][< 1 sec][Risk: ** Unidirectional Traffic **][Risk Score: 10][Risk Info: No server to client traffic][PLAIN TEXT (remote    bogus)][Plen Bins: 0,0,0,0,0,0,0,0,0,0,0,0,0,0,0,0,0,0,0,0,0,100,0,0,0,0,0,0,0,0,0,0,0,0,0,0,0,0,0,0,0,0,0,0,0,0,0,0]
