DPI Packets (TCP):	18	(6.00 pkts/flow)
Confidence DPI              : 3 (flows)
Num dissector calls: 402 (134.00 diss/flow)
LRU cache ookla:      0/0/0 (insert/search/found)
LRU cache bittorrent: 0/0/0 (insert/search/found)
LRU cache stun:       0/0/0 (insert/search/found)
LRU cache tls_cert:   0/0/0 (insert/search/found)
LRU cache mining:     0/0/0 (insert/search/found)
LRU cache msteams:    0/0/0 (insert/search/found)
LRU cache fpc_dns:    0/3/0 (insert/search/found)
Automa host:          0/0 (search/found)
Automa domain:        0/0 (search/found)
Automa tls cert:      0/0 (search/found)
Automa risk mask:     0/0 (search/found)
Automa common alpns:  0/0 (search/found)
Patricia risk mask:   0/0 (search/found)
Patricia risk mask IPv6: 0/0 (search/found)
Patricia risk:        0/0 (search/found)
Patricia risk IPv6:   0/0 (search/found)
Patricia protocols:   6/0 (search/found)
Patricia protocols IPv6: 0/0 (search/found)

HL7	47	7319	3

Acceptable                      47 7319          3            

	1	TCP 10.0.0.155:49242 <-> 10.0.0.126:6661 [proto: 380/HL7][IP: 0/Unknown][ClearText][Confidence: DPI][FPC: 0/Unknown, Confidence: Unknown][DPI packets: 10][cat: IoT-Scada/31][15 pkts/2331 bytes <-> 12 pkts/1188 bytes][Goodput ratio: 61/42][0.04 sec][bytes ratio: 0.325 (Upload)][IAT c2s/s2c min/avg/max/stddev: 0/0 3/3 31/11 9/5][Pkt Len c2s/s2c min/avg/max/stddev: 60/54 155/99 531/222 188/71][Risk: ** Known Proto on Non Std Port **][Risk Score: 50][Risk Info: Expected on port 2575][TCP Fingerprint: 2_128_8192_6bb88f5575fd/Unknown][PLAIN TEXT (SENDING)][Plen Bins: 0,0,0,0,0,50,0,0,0,0,0,0,0,0,50,0,0,0,0,0,0,0,0,0,0,0,0,0,0,0,0,0,0,0,0,0,0,0,0,0,0,0,0,0,0,0,0,0]
	2	TCP 10.0.0.155:49252 <-> 10.0.0.126:6661 [proto: 380/HL7][IP: 0/Unknown][ClearText][Confidence: DPI][FPC: 0/Unknown, Confidence: Unknown][DPI packets: 4][cat: IoT-Scada/31][6 pkts/2133 bytes <-> 5 pkts/404 bytes][Goodput ratio: 83/30][0.03 sec][bytes ratio: 0.682 (Upload)][IAT c2s/s2c min/avg/max/stddev: 0/4 6/8 20/15 8/5][Pkt Len c2s/s2c min/avg/max/stddev: 60/54 356/81 1514/176 530/48][Risk: ** Known Proto on Non Std Port **][Risk Score: 50][Risk Info: Expected on port 2575][TCP Fingerprint: 2_128_8192_6bb88f5575fd/Unknown][PLAIN TEXT (SendingApp)][Plen Bins: 0,0,0,33,0,0,0,0,0,33,0,0,0,0,0,0,0,0,0,0,0,0,0,0,0,0,0,0,0,0,0,0,0,0,0,0,0,0,0,0,0,0,0,0,0,33,0,0]
	3	TCP 10.0.0.155:49250 <-> 10.0.0.126:6661 [proto: 380/HL7][IP: 0/Unknown][ClearText][Confidence: DPI][FPC: 0/Unknown, Confidence: Unknown][DPI packets: 4][cat: IoT-Scada/31][5 pkts/913 bytes <-> 4 pkts/350 bytes][Goodput ratio: 67/35][0.02 sec][bytes ratio: 0.446 (Upload)][IAT c2s/s2c min/avg/max/stddev: 0/4 4/9 17/14 7/5][Pkt Len c2s/s2c min/avg/max/stddev: 60/54 183/88 667/176 242/51][Risk: ** Known Proto on Non Std Port **][Risk Score: 50][Risk Info: Expected on port 2575][TCP Fingerprint: 2_128_8192_6bb88f5575fd/Unknown][PLAIN TEXT (SendingApp)][Plen Bins: 0,0,0,50,0,0,0,0,0,0,0,0,0,0,0,0,0,0,0,50,0,0,0,0,0,0,0,0,0,0,0,0,0,0,0,0,0,0,0,0,0,0,0,0,0,0,0,0]
